// Jest Snapshot v1, https://goo.gl/fbAQLP

exports[`Row Imagenes test Renderiza Componente Por default 1`] = `
Object {
  "asFragment": [Function],
  "baseElement": <body>
    <div>
      <div
        class="container"
      >
        <div
          class="fila"
        >
          <div
            class="containerEstandarInput"
          >
            <label
              class="labelEstandarInput"
            />
            <div
              class="sombraConAutocompletado"
            >
              <input
                class="estandarInput"
                name="url"
                placeholder="Insertar https://"
                required=""
                type="text"
                value=""
              />
            </div>
          </div>
          <div
            class="containerDropInput"
          >
            <label
              class="labelDropInput"
            />
            <div
              class="cityContainer divDrawer"
            >
              
              <input
                autocomplete="off"
                class="input"
                placeholder="Descripción"
                type="text"
                value=""
              />
            </div>
          </div>
          <div
            class="containerButton"
          >
            <div
              class="containerBotones"
            >
              <button
                class="add"
                disabled=""
              >
                <i
                  class="fas fa-check"
                />
              </button>
              <button
                class="add"
              >
                <i
                  class="fas fa-plus"
                />
              </button>
            </div>
          </div>
        </div>
        
      </div>
      <div
        class="container"
      >
        <div
          class="fila"
        >
          <div
            class="containerEstandarInput"
          >
            <label
              class="labelEstandarInput"
            />
            <div
              class="sombraConAutocompletado"
            >
              <input
                class="estandarInput"
                name="url"
                placeholder="Insertar https://"
                required=""
                type="text"
                value=""
              />
            </div>
          </div>
          <div
            class="containerDropInput"
          >
            <label
              class="labelDropInput"
            />
            <div
              class="cityContainer divDrawer"
            >
              
              <input
                autocomplete="off"
                class="input"
                placeholder="Descripción"
                type="text"
                value=""
              />
            </div>
          </div>
          <div
            class="containerButton"
          >
            <div
              class="containerBotones"
            >
              <button
                class="add"
                disabled=""
              >
                <i
                  class="fas fa-check"
                />
              </button>
              <button
                class="delete"
              >
                <i
                  class="fas fa-times"
                />
              </button>
            </div>
          </div>
        </div>
        
      </div>
      <div
        class="container"
      >
        <div
          class="fila"
        >
          <div
            class="containerEstandarInput"
          >
            <label
              class="labelEstandarInput"
            />
            <div
              class="sombraConAutocompletado"
            >
              <input
                class="estandarInput"
                name="url"
                placeholder="Insertar https://"
                required=""
                type="text"
                value=""
              />
            </div>
          </div>
          <div
            class="containerDropInput"
          >
            <label
              class="labelDropInput"
            />
            <div
              class="cityContainer divDrawer"
            >
              
              <input
                autocomplete="off"
                class="input"
                placeholder="Descripción"
                type="text"
                value=""
              />
            </div>
          </div>
          <div
            class="containerButton"
          >
            <div
              class="containerBotones"
            >
              <button
                class="add"
                disabled=""
              >
                <i
                  class="fas fa-check"
                />
              </button>
              <button
                class="delete"
              >
                <i
                  class="fas fa-times"
                />
              </button>
            </div>
          </div>
        </div>
        
      </div>
      <div
        class="container"
      >
        <div
          class="fila"
        >
          <div
            class="containerEstandarInput"
          >
            <label
              class="labelEstandarInput"
            />
            <div
              class="sombraConAutocompletado"
            >
              <input
                class="estandarInput"
                name="url"
                placeholder="Insertar https://"
                required=""
                type="text"
                value=""
              />
            </div>
          </div>
          <div
            class="containerDropInput"
          >
            <label
              class="labelDropInput"
            />
            <div
              class="cityContainer divDrawer"
            >
              
              <input
                autocomplete="off"
                class="input"
                placeholder="Descripción"
                type="text"
                value=""
              />
            </div>
          </div>
          <div
            class="containerButton"
          >
            <div
              class="containerBotones"
            >
              <button
                class="add"
                disabled=""
              >
                <i
                  class="fas fa-check"
                />
              </button>
              <button
                class="delete"
              >
                <i
                  class="fas fa-times"
                />
              </button>
            </div>
          </div>
        </div>
        
      </div>
    </div>
  </body>,
  "container": <div>
    <div
      class="container"
    >
      <div
        class="fila"
      >
        <div
          class="containerEstandarInput"
        >
          <label
            class="labelEstandarInput"
          />
          <div
            class="sombraConAutocompletado"
          >
            <input
              class="estandarInput"
              name="url"
              placeholder="Insertar https://"
              required=""
              type="text"
              value=""
            />
          </div>
        </div>
        <div
          class="containerDropInput"
        >
          <label
            class="labelDropInput"
          />
          <div
            class="cityContainer divDrawer"
          >
            
            <input
              autocomplete="off"
              class="input"
              placeholder="Descripción"
              type="text"
              value=""
            />
          </div>
        </div>
        <div
          class="containerButton"
        >
          <div
            class="containerBotones"
          >
            <button
              class="add"
              disabled=""
            >
              <i
                class="fas fa-check"
              />
            </button>
            <button
              class="add"
            >
              <i
                class="fas fa-plus"
              />
            </button>
          </div>
        </div>
      </div>
      
    </div>
    <div
      class="container"
    >
      <div
        class="fila"
      >
        <div
          class="containerEstandarInput"
        >
          <label
            class="labelEstandarInput"
          />
          <div
            class="sombraConAutocompletado"
          >
            <input
              class="estandarInput"
              name="url"
              placeholder="Insertar https://"
              required=""
              type="text"
              value=""
            />
          </div>
        </div>
        <div
          class="containerDropInput"
        >
          <label
            class="labelDropInput"
          />
          <div
            class="cityContainer divDrawer"
          >
            
            <input
              autocomplete="off"
              class="input"
              placeholder="Descripción"
              type="text"
              value=""
            />
          </div>
        </div>
        <div
          class="containerButton"
        >
          <div
            class="containerBotones"
          >
            <button
              class="add"
              disabled=""
            >
              <i
                class="fas fa-check"
              />
            </button>
            <button
              class="delete"
            >
              <i
                class="fas fa-times"
              />
            </button>
          </div>
        </div>
      </div>
      
    </div>
    <div
      class="container"
    >
      <div
        class="fila"
      >
        <div
          class="containerEstandarInput"
        >
          <label
            class="labelEstandarInput"
          />
          <div
            class="sombraConAutocompletado"
          >
            <input
              class="estandarInput"
              name="url"
              placeholder="Insertar https://"
              required=""
              type="text"
              value=""
            />
          </div>
        </div>
        <div
          class="containerDropInput"
        >
          <label
            class="labelDropInput"
          />
          <div
            class="cityContainer divDrawer"
          >
            
            <input
              autocomplete="off"
              class="input"
              placeholder="Descripción"
              type="text"
              value=""
            />
          </div>
        </div>
        <div
          class="containerButton"
        >
          <div
            class="containerBotones"
          >
            <button
              class="add"
              disabled=""
            >
              <i
                class="fas fa-check"
              />
            </button>
            <button
              class="delete"
            >
              <i
                class="fas fa-times"
              />
            </button>
          </div>
        </div>
      </div>
      
    </div>
    <div
      class="container"
    >
      <div
        class="fila"
      >
        <div
          class="containerEstandarInput"
        >
          <label
            class="labelEstandarInput"
          />
          <div
            class="sombraConAutocompletado"
          >
            <input
              class="estandarInput"
              name="url"
              placeholder="Insertar https://"
              required=""
              type="text"
              value=""
            />
          </div>
        </div>
        <div
          class="containerDropInput"
        >
          <label
            class="labelDropInput"
          />
          <div
            class="cityContainer divDrawer"
          >
            
            <input
              autocomplete="off"
              class="input"
              placeholder="Descripción"
              type="text"
              value=""
            />
          </div>
        </div>
        <div
          class="containerButton"
        >
          <div
            class="containerBotones"
          >
            <button
              class="add"
              disabled=""
            >
              <i
                class="fas fa-check"
              />
            </button>
            <button
              class="delete"
            >
              <i
                class="fas fa-times"
              />
            </button>
          </div>
        </div>
      </div>
      
    </div>
  </div>,
  "debug": [Function],
  "findAllByAltText": [Function],
  "findAllByDisplayValue": [Function],
  "findAllByLabelText": [Function],
  "findAllByPlaceholderText": [Function],
  "findAllByRole": [Function],
  "findAllByTestId": [Function],
  "findAllByText": [Function],
  "findAllByTitle": [Function],
  "findByAltText": [Function],
  "findByDisplayValue": [Function],
  "findByLabelText": [Function],
  "findByPlaceholderText": [Function],
  "findByRole": [Function],
  "findByTestId": [Function],
  "findByText": [Function],
  "findByTitle": [Function],
  "getAllByAltText": [Function],
  "getAllByDisplayValue": [Function],
  "getAllByLabelText": [Function],
  "getAllByPlaceholderText": [Function],
  "getAllByRole": [Function],
  "getAllByTestId": [Function],
  "getAllByText": [Function],
  "getAllByTitle": [Function],
  "getByAltText": [Function],
  "getByDisplayValue": [Function],
  "getByLabelText": [Function],
  "getByPlaceholderText": [Function],
  "getByRole": [Function],
  "getByTestId": [Function],
  "getByText": [Function],
  "getByTitle": [Function],
  "queryAllByAltText": [Function],
  "queryAllByDisplayValue": [Function],
  "queryAllByLabelText": [Function],
  "queryAllByPlaceholderText": [Function],
  "queryAllByRole": [Function],
  "queryAllByTestId": [Function],
  "queryAllByText": [Function],
  "queryAllByTitle": [Function],
  "queryByAltText": [Function],
  "queryByDisplayValue": [Function],
  "queryByLabelText": [Function],
  "queryByPlaceholderText": [Function],
  "queryByRole": [Function],
  "queryByTestId": [Function],
  "queryByText": [Function],
  "queryByTitle": [Function],
  "rerender": [Function],
  "unmount": [Function],
}
`;
