// Jest Snapshot v1, https://goo.gl/fbAQLP

exports[`Estandar Input Room test Cambia el valor apartir del input 1`] = `
<div
  className="containerEstandarInput"
>
  <label
    className="labelEstandarInput"
  >
    Titulo
  </label>
  <div
    className="sombraConAutocompletado"
  >
    <input
      className="estandarInput"
      onChange={[Function]}
      required={true}
      type="text"
      value=""
    />
  </div>
</div>
`;

exports[`Estandar Input Room test Renderiza Componente Por default 1`] = `
Object {
  "asFragment": [Function],
  "baseElement": <body>
    <div>
      <div
        class="containerEstandarInput"
      >
        <label
          class="labelEstandarInput"
        >
          Titulo
        </label>
        <div
          class="sombraConAutocompletado"
        >
          <input
            class="estandarInput"
            required=""
            type="text"
            value=""
          />
        </div>
      </div>
    </div>
  </body>,
  "container": <div>
    <div
      class="containerEstandarInput"
    >
      <label
        class="labelEstandarInput"
      >
        Titulo
      </label>
      <div
        class="sombraConAutocompletado"
      >
        <input
          class="estandarInput"
          required=""
          type="text"
          value=""
        />
      </div>
    </div>
  </div>,
  "debug": [Function],
  "findAllByAltText": [Function],
  "findAllByDisplayValue": [Function],
  "findAllByLabelText": [Function],
  "findAllByPlaceholderText": [Function],
  "findAllByRole": [Function],
  "findAllByTestId": [Function],
  "findAllByText": [Function],
  "findAllByTitle": [Function],
  "findByAltText": [Function],
  "findByDisplayValue": [Function],
  "findByLabelText": [Function],
  "findByPlaceholderText": [Function],
  "findByRole": [Function],
  "findByTestId": [Function],
  "findByText": [Function],
  "findByTitle": [Function],
  "getAllByAltText": [Function],
  "getAllByDisplayValue": [Function],
  "getAllByLabelText": [Function],
  "getAllByPlaceholderText": [Function],
  "getAllByRole": [Function],
  "getAllByTestId": [Function],
  "getAllByText": [Function],
  "getAllByTitle": [Function],
  "getByAltText": [Function],
  "getByDisplayValue": [Function],
  "getByLabelText": [Function],
  "getByPlaceholderText": [Function],
  "getByRole": [Function],
  "getByTestId": [Function],
  "getByText": [Function],
  "getByTitle": [Function],
  "queryAllByAltText": [Function],
  "queryAllByDisplayValue": [Function],
  "queryAllByLabelText": [Function],
  "queryAllByPlaceholderText": [Function],
  "queryAllByRole": [Function],
  "queryAllByTestId": [Function],
  "queryAllByText": [Function],
  "queryAllByTitle": [Function],
  "queryByAltText": [Function],
  "queryByDisplayValue": [Function],
  "queryByLabelText": [Function],
  "queryByPlaceholderText": [Function],
  "queryByRole": [Function],
  "queryByTestId": [Function],
  "queryByText": [Function],
  "queryByTitle": [Function],
  "rerender": [Function],
  "unmount": [Function],
}
`;
