// Jest Snapshot v1, https://goo.gl/fbAQLP

exports[`Skeleton Tarjeta Alojamiento test Renderiza Componente Por default 1`] = `
Object {
  "asFragment": [Function],
  "baseElement": <body>
    <div>
      <div
        class="tarjetaAlojamiento"
        data-aos="fade-up"
      >
        <div
          class="imagenAlojamiento skeleton"
        />
        <div
          class="descripcionAlojamiento"
        >
          <div
            class="informacionPrincipal"
          >
            <div
              class="nombreAlojamiento"
            >
              <div
                class="tipoYCalificacion"
              >
                <div
                  class="infoLoader skeleton"
                />
                <div
                  class="infoLoader skeleton"
                />
              </div>
              <div
                class="infoLoader skeleton"
              />
            </div>
            <div
              class="puntajeAlojamiento"
            >
              <div
                class="puntajeNumerico infoLoader skeleton"
              />
              <div
                class="detalle infoLoader skeleton"
              />
            </div>
          </div>
          <div
            class="textLoader skeleton"
          />
          <div
            class="textLoader skeleton"
          />
          <div
            class="textLoader skeleton"
          />
          <div
            class="inputLoader skeleton"
          />
        </div>
      </div>
    </div>
  </body>,
  "container": <div>
    <div
      class="tarjetaAlojamiento"
      data-aos="fade-up"
    >
      <div
        class="imagenAlojamiento skeleton"
      />
      <div
        class="descripcionAlojamiento"
      >
        <div
          class="informacionPrincipal"
        >
          <div
            class="nombreAlojamiento"
          >
            <div
              class="tipoYCalificacion"
            >
              <div
                class="infoLoader skeleton"
              />
              <div
                class="infoLoader skeleton"
              />
            </div>
            <div
              class="infoLoader skeleton"
            />
          </div>
          <div
            class="puntajeAlojamiento"
          >
            <div
              class="puntajeNumerico infoLoader skeleton"
            />
            <div
              class="detalle infoLoader skeleton"
            />
          </div>
        </div>
        <div
          class="textLoader skeleton"
        />
        <div
          class="textLoader skeleton"
        />
        <div
          class="textLoader skeleton"
        />
        <div
          class="inputLoader skeleton"
        />
      </div>
    </div>
  </div>,
  "debug": [Function],
  "findAllByAltText": [Function],
  "findAllByDisplayValue": [Function],
  "findAllByLabelText": [Function],
  "findAllByPlaceholderText": [Function],
  "findAllByRole": [Function],
  "findAllByTestId": [Function],
  "findAllByText": [Function],
  "findAllByTitle": [Function],
  "findByAltText": [Function],
  "findByDisplayValue": [Function],
  "findByLabelText": [Function],
  "findByPlaceholderText": [Function],
  "findByRole": [Function],
  "findByTestId": [Function],
  "findByText": [Function],
  "findByTitle": [Function],
  "getAllByAltText": [Function],
  "getAllByDisplayValue": [Function],
  "getAllByLabelText": [Function],
  "getAllByPlaceholderText": [Function],
  "getAllByRole": [Function],
  "getAllByTestId": [Function],
  "getAllByText": [Function],
  "getAllByTitle": [Function],
  "getByAltText": [Function],
  "getByDisplayValue": [Function],
  "getByLabelText": [Function],
  "getByPlaceholderText": [Function],
  "getByRole": [Function],
  "getByTestId": [Function],
  "getByText": [Function],
  "getByTitle": [Function],
  "queryAllByAltText": [Function],
  "queryAllByDisplayValue": [Function],
  "queryAllByLabelText": [Function],
  "queryAllByPlaceholderText": [Function],
  "queryAllByRole": [Function],
  "queryAllByTestId": [Function],
  "queryAllByText": [Function],
  "queryAllByTitle": [Function],
  "queryByAltText": [Function],
  "queryByDisplayValue": [Function],
  "queryByLabelText": [Function],
  "queryByPlaceholderText": [Function],
  "queryByRole": [Function],
  "queryByTestId": [Function],
  "queryByText": [Function],
  "queryByTitle": [Function],
  "rerender": [Function],
  "unmount": [Function],
}
`;
